Job started at: Sat Sep 20 21:03:33 CDT 2025
Job ID: 12374525
=== GPU Verification ===
Sat Sep 20 21:03:36 2025       
+-----------------------------------------------------------------------------------------+
| NVIDIA-SMI 550.163.01             Driver Version: 550.163.01     CUDA Version: 12.4     |
|-----------------------------------------+------------------------+----------------------+
| GPU  Name                 Persistence-M | Bus-Id          Disp.A | Volatile Uncorr. ECC |
| Fan  Temp   Perf          Pwr:Usage/Cap |           Memory-Usage | GPU-Util  Compute M. |
|                                         |                        |               MIG M. |
|=========================================+========================+======================|
|   0  NVIDIA A40                     On  |   00000000:85:00.0 Off |                    0 |
|  0%   34C    P8             21W /  300W |       1MiB /  46068MiB |      0%      Default |
|                                         |                        |                  N/A |
+-----------------------------------------+------------------------+----------------------+
                                                                                         
+-----------------------------------------------------------------------------------------+
| Processes:                                                                              |
|  GPU   GI   CI        PID   Type   Process name                              GPU Memory |
|        ID   ID                                                               Usage      |
|=========================================================================================|
|  No running processes found                                                             |
+-----------------------------------------------------------------------------------------+
CUDA available: True
=== Running Setup Test ===
=== Setup Verification ===

Basic Imports:
Testing basic imports...
✓ Experiment modules imported successfully

CUDA:
Testing CUDA...
CUDA available: True
GPU count: 1
GPU name: NVIDIA A40

NLTK:
Testing NLTK...
✓ NLTK working: 198 stopwords loaded

=== Results ===
✓ All tests passed!
Note: CUDA will only be True on GPU compute nodes, not login nodes.
=== Starting Main Experiment ===
Create sweep with ID: lnvglywm
Sweep URL: https://wandb.ai/nimase-university-of-southern-california/seo/sweeps/lnvglywm
=== Running Evaluations ===
Job completed at: Sat Sep 20 21:04:30 CDT 2025
