=== SRP JSON Dataset Started at: Mon Sep 22 16:19:37 CDT 2025 ===
Job ID: 12393838
=== JSON: 3 categories × 4 targets = 12 experiments ===
Running: Dataset=json, Category='coffee_machines', Target=1
Completed 1 of 12 JSON experiments
Running: Dataset=json, Category='coffee_machines', Target=5
Completed 2 of 12 JSON experiments
Running: Dataset=json, Category='coffee_machines', Target=8
Completed 3 of 12 JSON experiments
Running: Dataset=json, Category='coffee_machines', Target=10
Completed 4 of 12 JSON experiments
Running: Dataset=json, Category='books', Target=1
Completed 5 of 12 JSON experiments
Running: Dataset=json, Category='books', Target=5
Completed 6 of 12 JSON experiments
Running: Dataset=json, Category='books', Target=8
Completed 7 of 12 JSON experiments
Running: Dataset=json, Category='books', Target=10
Completed 8 of 12 JSON experiments
Running: Dataset=json, Category='cameras', Target=1
Completed 9 of 12 JSON experiments
Running: Dataset=json, Category='cameras', Target=5
Completed 10 of 12 JSON experiments
Running: Dataset=json, Category='cameras', Target=8
Completed 11 of 12 JSON experiments
Running: Dataset=json, Category='cameras', Target=10
Completed 12 of 12 JSON experiments
=== Aggregating JSON Results ===
Saved 12 JSON results

JSON Rank Summary by Category:
                 mean  count
Category                    
books             2.0      4
cameras           2.0      2
coffee_machines   1.0      4

JSON Success Rate (Rank=1): 33.33%
=== JSON Dataset Completed at: Tue Sep 23 07:09:29 CDT 2025 ===
Total experiments: 12
Results: results/json_results.csv
