=== SRP Ragroll Dataset Started at: Tue Sep 23 02:53:24 CDT 2025 ===
Job ID: 12398894
=== Ragroll: 4 categories × 4 targets = 16 experiments ===
Running: Dataset=ragroll, Category='coffee maker', Target=1
Completed 1 of 16 ragroll experiments
Running: Dataset=ragroll, Category='coffee maker', Target=5
Completed 2 of 16 ragroll experiments
Running: Dataset=ragroll, Category='coffee maker', Target=8
Completed 3 of 16 ragroll experiments
Running: Dataset=ragroll, Category='coffee maker', Target=10
Completed 4 of 16 ragroll experiments
Running: Dataset=ragroll, Category='laptop', Target=1
Completed 5 of 16 ragroll experiments
Running: Dataset=ragroll, Category='laptop', Target=5
Completed 6 of 16 ragroll experiments
Running: Dataset=ragroll, Category='laptop', Target=8
Completed 7 of 16 ragroll experiments
Running: Dataset=ragroll, Category='laptop', Target=10
Completed 8 of 16 ragroll experiments
Running: Dataset=ragroll, Category='smartphone', Target=1
Completed 9 of 16 ragroll experiments
Running: Dataset=ragroll, Category='smartphone', Target=5
Completed 10 of 16 ragroll experiments
Running: Dataset=ragroll, Category='smartphone', Target=8
Completed 11 of 16 ragroll experiments
Running: Dataset=ragroll, Category='smartphone', Target=10
Completed 12 of 16 ragroll experiments
Running: Dataset=ragroll, Category='dishwasher', Target=1
Completed 13 of 16 ragroll experiments
Running: Dataset=ragroll, Category='dishwasher', Target=5
Completed 14 of 16 ragroll experiments
Running: Dataset=ragroll, Category='dishwasher', Target=8
Completed 15 of 16 ragroll experiments
Running: Dataset=ragroll, Category='dishwasher', Target=10
Completed 16 of 16 ragroll experiments
=== Aggregating Ragroll Results ===
Saved 16 ragroll results

Ragroll Rank Summary by Category:
              mean  count
Category                 
coffee maker   2.0      4
dishwasher     1.5      4
laptop         3.5      4
smartphone     1.0      4

Ragroll Success Rate (Rank=1): 62.50%
=== Ragroll Dataset Completed at: Wed Sep 24 00:56:12 CDT 2025 ===
Total experiments: 16
Results: results/ragroll_results.csv
