[tap] ragroll/air compressor/1: best mean rank 5.00 after 5 levels
[tap] wrote 1 rows -> /scratch1/nimase/geobench/geobench-rev/results/unified/instances/tap__att-qwen14b.csv
[tap] ragroll/air compressor/2: best mean rank 1.50 after 5 levels
[tap] wrote 2 rows -> /scratch1/nimase/geobench/geobench-rev/results/unified/instances/tap__att-qwen14b.csv
[tap] ragroll/air compressor/3: best mean rank 1.00 after 0 levels
[tap] wrote 3 rows -> /scratch1/nimase/geobench/geobench-rev/results/unified/instances/tap__att-qwen14b.csv
[tap] ragroll/air compressor/4: best mean rank 4.00 after 5 levels
[tap] wrote 4 rows -> /scratch1/nimase/geobench/geobench-rev/results/unified/instances/tap__att-qwen14b.csv
[tap] ragroll/air compressor/5: best mean rank 5.50 after 5 levels
[tap] wrote 5 rows -> /scratch1/nimase/geobench/geobench-rev/results/unified/instances/tap__att-qwen14b.csv
[tap] ragroll/air compressor/6: best mean rank 1.00 after 0 levels
[tap] wrote 6 rows -> /scratch1/nimase/geobench/geobench-rev/results/unified/instances/tap__att-qwen14b.csv
[tap] ragroll/air compressor/7: best mean rank 1.00 after 1 levels
[tap] wrote 7 rows -> /scratch1/nimase/geobench/geobench-rev/results/unified/instances/tap__att-qwen14b.csv
[tap] ragroll/air compressor/8: best mean rank 1.00 after 0 levels
[tap] wrote 8 rows -> /scratch1/nimase/geobench/geobench-rev/results/unified/instances/tap__att-qwen14b.csv
[tap] ragroll/air purifier/1: best mean rank 5.00 after 5 levels
[tap] wrote 9 rows -> /scratch1/nimase/geobench/geobench-rev/results/unified/instances/tap__att-qwen14b.csv
[tap] ragroll/air purifier/2: best mean rank 1.00 after 0 levels
[tap] wrote 10 rows -> /scratch1/nimase/geobench/geobench-rev/results/unified/instances/tap__att-qwen14b.csv
[tap] ragroll/air purifier/3: best mean rank 4.50 after 5 levels
[tap] wrote 11 rows -> /scratch1/nimase/geobench/geobench-rev/results/unified/instances/tap__att-qwen14b.csv
[tap] ragroll/air purifier/4: best mean rank 1.00 after 1 levels
[tap] wrote 12 rows -> /scratch1/nimase/geobench/geobench-rev/results/unified/instances/tap__att-qwen14b.csv
[tap] ragroll/air purifier/5: best mean rank 1.00 after 0 levels
[tap] wrote 13 rows -> /scratch1/nimase/geobench/geobench-rev/results/unified/instances/tap__att-qwen14b.csv
[tap] ragroll/air purifier/6: best mean rank 4.50 after 5 levels
[tap] wrote 14 rows -> /scratch1/nimase/geobench/geobench-rev/results/unified/instances/tap__att-qwen14b.csv
[tap] ragroll/air purifier/7: best mean rank 4.50 after 5 levels
[tap] wrote 15 rows -> /scratch1/nimase/geobench/geobench-rev/results/unified/instances/tap__att-qwen14b.csv
[tap] ragroll/air purifier/8: best mean rank 1.00 after 0 levels
[tap] wrote 16 rows -> /scratch1/nimase/geobench/geobench-rev/results/unified/instances/tap__att-qwen14b.csv
[tap] ragroll/automatic garden watering system/1: best mean rank 1.00 after 0 levels
[tap] wrote 17 rows -> /scratch1/nimase/geobench/geobench-rev/results/unified/instances/tap__att-qwen14b.csv
[tap] ragroll/automatic garden watering system/2: best mean rank 1.00 after 2 levels
[tap] wrote 18 rows -> /scratch1/nimase/geobench/geobench-rev/results/unified/instances/tap__att-qwen14b.csv
[tap] ragroll/automatic garden watering system/3: best mean rank 1.00 after 0 levels
[tap] wrote 19 rows -> /scratch1/nimase/geobench/geobench-rev/results/unified/instances/tap__att-qwen14b.csv
[tap] ragroll/automatic garden watering system/4: best mean rank 1.00 after 2 levels
[tap] wrote 20 rows -> /scratch1/nimase/geobench/geobench-rev/results/unified/instances/tap__att-qwen14b.csv
[tap] ragroll/automatic garden watering system/5: best mean rank 1.00 after 0 levels
[tap] wrote 21 rows -> /scratch1/nimase/geobench/geobench-rev/results/unified/instances/tap__att-qwen14b.csv
[tap] ragroll/automatic garden watering system/6: best mean rank 4.50 after 5 levels
[tap] wrote 22 rows -> /scratch1/nimase/geobench/geobench-rev/results/unified/instances/tap__att-qwen14b.csv
[tap] ragroll/automatic garden watering system/7: best mean rank 1.00 after 0 levels
[tap] wrote 23 rows -> /scratch1/nimase/geobench/geobench-rev/results/unified/instances/tap__att-qwen14b.csv
[tap] ragroll/automatic garden watering system/8: best mean rank 1.00 after 0 levels
[tap] wrote 24 rows -> /scratch1/nimase/geobench/geobench-rev/results/unified/instances/tap__att-qwen14b.csv
[tap] ragroll/barbecue grill/1: best mean rank 6.00 after 5 levels
[tap] wrote 25 rows -> /scratch1/nimase/geobench/geobench-rev/results/unified/instances/tap__att-qwen14b.csv
[tap] ragroll/barbecue grill/2: best mean rank 1.50 after 5 levels
[tap] wrote 26 rows -> /scratch1/nimase/geobench/geobench-rev/results/unified/instances/tap__att-qwen14b.csv
[tap] ragroll/barbecue grill/3: best mean rank 1.00 after 1 levels
[tap] wrote 27 rows -> /scratch1/nimase/geobench/geobench-rev/results/unified/instances/tap__att-qwen14b.csv
[tap] ragroll/barbecue grill/4: best mean rank 1.00 after 0 levels
[tap] wrote 28 rows -> /scratch1/nimase/geobench/geobench-rev/results/unified/instances/tap__att-qwen14b.csv
[tap] ragroll/barbecue grill/5: best mean rank 1.00 after 0 levels
[tap] wrote 29 rows -> /scratch1/nimase/geobench/geobench-rev/results/unified/instances/tap__att-qwen14b.csv
[tap] ragroll/barbecue grill/6: best mean rank 3.00 after 5 levels
[tap] wrote 30 rows -> /scratch1/nimase/geobench/geobench-rev/results/unified/instances/tap__att-qwen14b.csv
[tap] ragroll/barbecue grill/7: best mean rank 2.00 after 5 levels
[tap] wrote 31 rows -> /scratch1/nimase/geobench/geobench-rev/results/unified/instances/tap__att-qwen14b.csv
[tap] ragroll/barbecue grill/8: best mean rank 2.00 after 5 levels
[tap] wrote 32 rows -> /scratch1/nimase/geobench/geobench-rev/results/unified/instances/tap__att-qwen14b.csv
[tap] ragroll/beard trimmer/1: best mean rank 7.00 after 5 levels
[tap] wrote 33 rows -> /scratch1/nimase/geobench/geobench-rev/results/unified/instances/tap__att-qwen14b.csv
[tap] ragroll/beard trimmer/2: best mean rank 1.00 after 0 levels
[tap] wrote 34 rows -> /scratch1/nimase/geobench/geobench-rev/results/unified/instances/tap__att-qwen14b.csv
[tap] ragroll/beard trimmer/3: best mean rank 1.00 after 0 levels
[tap] wrote 35 rows -> /scratch1/nimase/geobench/geobench-rev/results/unified/instances/tap__att-qwen14b.csv
[tap] ragroll/beard trimmer/4: best mean rank 1.00 after 0 levels
[tap] wrote 36 rows -> /scratch1/nimase/geobench/geobench-rev/results/unified/instances/tap__att-qwen14b.csv
[tap] ragroll/beard trimmer/5: best mean rank 1.00 after 0 levels
[tap] wrote 37 rows -> /scratch1/nimase/geobench/geobench-rev/results/unified/instances/tap__att-qwen14b.csv
[tap] ragroll/beard trimmer/6: best mean rank 1.00 after 1 levels
[tap] wrote 38 rows -> /scratch1/nimase/geobench/geobench-rev/results/unified/instances/tap__att-qwen14b.csv
[tap] ragroll/beard trimmer/7: best mean rank 1.00 after 0 levels
[tap] wrote 39 rows -> /scratch1/nimase/geobench/geobench-rev/results/unified/instances/tap__att-qwen14b.csv
[tap] ragroll/beard trimmer/8: best mean rank 1.00 after 0 levels
[tap] wrote 40 rows -> /scratch1/nimase/geobench/geobench-rev/results/unified/instances/tap__att-qwen14b.csv
[tap] ragroll/blender/1: best mean rank 3.00 after 5 levels
[tap] wrote 41 rows -> /scratch1/nimase/geobench/geobench-rev/results/unified/instances/tap__att-qwen14b.csv
[tap] ragroll/blender/2: best mean rank 6.50 after 5 levels
[tap] wrote 42 rows -> /scratch1/nimase/geobench/geobench-rev/results/unified/instances/tap__att-qwen14b.csv
[tap] ragroll/blender/3: best mean rank 4.00 after 5 levels
[tap] wrote 43 rows -> /scratch1/nimase/geobench/geobench-rev/results/unified/instances/tap__att-qwen14b.csv
[tap] ragroll/blender/4: best mean rank 2.50 after 5 levels
[tap] wrote 44 rows -> /scratch1/nimase/geobench/geobench-rev/results/unified/instances/tap__att-qwen14b.csv
[tap] ragroll/blender/5: best mean rank 1.00 after 5 levels
[tap] wrote 45 rows -> /scratch1/nimase/geobench/geobench-rev/results/unified/instances/tap__att-qwen14b.csv
[tap] ragroll/blender/6: best mean rank 6.00 after 5 levels
[tap] wrote 46 rows -> /scratch1/nimase/geobench/geobench-rev/results/unified/instances/tap__att-qwen14b.csv
[tap] ragroll/blender/7: best mean rank 1.00 after 0 levels
[tap] wrote 47 rows -> /scratch1/nimase/geobench/geobench-rev/results/unified/instances/tap__att-qwen14b.csv
[tap] ragroll/blender/8: best mean rank 1.50 after 5 levels
[tap] wrote 48 rows -> /scratch1/nimase/geobench/geobench-rev/results/unified/instances/tap__att-qwen14b.csv
[tap] ragroll/coffee maker/1: best mean rank 6.00 after 5 levels
[tap] wrote 49 rows -> /scratch1/nimase/geobench/geobench-rev/results/unified/instances/tap__att-qwen14b.csv
[tap] ragroll/coffee maker/2: best mean rank 2.50 after 5 levels
[tap] wrote 50 rows -> /scratch1/nimase/geobench/geobench-rev/results/unified/instances/tap__att-qwen14b.csv
[tap] ragroll/coffee maker/3: best mean rank 6.00 after 5 levels
[tap] wrote 51 rows -> /scratch1/nimase/geobench/geobench-rev/results/unified/instances/tap__att-qwen14b.csv
[tap] ragroll/coffee maker/4: best mean rank 2.00 after 5 levels
[tap] wrote 52 rows -> /scratch1/nimase/geobench/geobench-rev/results/unified/instances/tap__att-qwen14b.csv
[tap] ragroll/coffee maker/5: best mean rank 1.00 after 5 levels
[tap] wrote 53 rows -> /scratch1/nimase/geobench/geobench-rev/results/unified/instances/tap__att-qwen14b.csv
[tap] ragroll/coffee maker/6: best mean rank 1.00 after 1 levels
[tap] wrote 54 rows -> /scratch1/nimase/geobench/geobench-rev/results/unified/instances/tap__att-qwen14b.csv
[tap] ragroll/coffee maker/7: best mean rank 1.00 after 0 levels
[tap] wrote 55 rows -> /scratch1/nimase/geobench/geobench-rev/results/unified/instances/tap__att-qwen14b.csv
[tap] ragroll/coffee maker/8: best mean rank 1.50 after 5 levels
[tap] wrote 56 rows -> /scratch1/nimase/geobench/geobench-rev/results/unified/instances/tap__att-qwen14b.csv
[tap] ragroll/computer monitor/1: best mean rank 1.50 after 5 levels
[tap] wrote 57 rows -> /scratch1/nimase/geobench/geobench-rev/results/unified/instances/tap__att-qwen14b.csv
[tap] ragroll/computer monitor/2: best mean rank 3.00 after 5 levels
[tap] wrote 58 rows -> /scratch1/nimase/geobench/geobench-rev/results/unified/instances/tap__att-qwen14b.csv
[tap] ragroll/computer monitor/3: best mean rank 4.00 after 5 levels
[tap] wrote 59 rows -> /scratch1/nimase/geobench/geobench-rev/results/unified/instances/tap__att-qwen14b.csv
[tap] ragroll/computer monitor/4: best mean rank 6.50 after 5 levels
[tap] wrote 60 rows -> /scratch1/nimase/geobench/geobench-rev/results/unified/instances/tap__att-qwen14b.csv
[tap] ragroll/computer monitor/5: best mean rank 1.00 after 0 levels
[tap] wrote 61 rows -> /scratch1/nimase/geobench/geobench-rev/results/unified/instances/tap__att-qwen14b.csv
[tap] ragroll/computer monitor/6: best mean rank 1.00 after 0 levels
[tap] wrote 62 rows -> /scratch1/nimase/geobench/geobench-rev/results/unified/instances/tap__att-qwen14b.csv
[tap] ragroll/computer monitor/7: best mean rank 1.00 after 0 levels
[tap] wrote 63 rows -> /scratch1/nimase/geobench/geobench-rev/results/unified/instances/tap__att-qwen14b.csv
[tap] ragroll/computer monitor/8: best mean rank 3.50 after 5 levels
[tap] wrote 64 rows -> /scratch1/nimase/geobench/geobench-rev/results/unified/instances/tap__att-qwen14b.csv
[tap] ragroll/computer power supply/1: best mean rank 1.00 after 0 levels
[tap] wrote 65 rows -> /scratch1/nimase/geobench/geobench-rev/results/unified/instances/tap__att-qwen14b.csv
[tap] ragroll/computer power supply/2: best mean rank 1.50 after 5 levels
[tap] wrote 66 rows -> /scratch1/nimase/geobench/geobench-rev/results/unified/instances/tap__att-qwen14b.csv
[tap] ragroll/computer power supply/3: best mean rank 2.00 after 5 levels
[tap] wrote 67 rows -> /scratch1/nimase/geobench/geobench-rev/results/unified/instances/tap__att-qwen14b.csv
[tap] ragroll/computer power supply/4: best mean rank 1.00 after 2 levels
[tap] wrote 68 rows -> /scratch1/nimase/geobench/geobench-rev/results/unified/instances/tap__att-qwen14b.csv
[tap] ragroll/computer power supply/5: best mean rank 1.00 after 0 levels
[tap] wrote 69 rows -> /scratch1/nimase/geobench/geobench-rev/results/unified/instances/tap__att-qwen14b.csv
[tap] ragroll/computer power supply/6: best mean rank 6.00 after 5 levels
[tap] wrote 70 rows -> /scratch1/nimase/geobench/geobench-rev/results/unified/instances/tap__att-qwen14b.csv
[tap] ragroll/computer power supply/7: best mean rank 1.00 after 1 levels
[tap] wrote 71 rows -> /scratch1/nimase/geobench/geobench-rev/results/unified/instances/tap__att-qwen14b.csv
[tap] ragroll/computer power supply/8: best mean rank 1.00 after 4 levels
[tap] wrote 72 rows -> /scratch1/nimase/geobench/geobench-rev/results/unified/instances/tap__att-qwen14b.csv
[tap] ragroll/cordless drill/1: best mean rank 4.00 after 5 levels
[tap] wrote 73 rows -> /scratch1/nimase/geobench/geobench-rev/results/unified/instances/tap__att-qwen14b.csv
[tap] ragroll/cordless drill/2: best mean rank 6.50 after 5 levels
[tap] wrote 74 rows -> /scratch1/nimase/geobench/geobench-rev/results/unified/instances/tap__att-qwen14b.csv
[tap] ragroll/cordless drill/3: best mean rank 1.50 after 5 levels
[tap] wrote 75 rows -> /scratch1/nimase/geobench/geobench-rev/results/unified/instances/tap__att-qwen14b.csv
[tap] ragroll/cordless drill/4: best mean rank 1.50 after 5 levels
[tap] wrote 76 rows -> /scratch1/nimase/geobench/geobench-rev/results/unified/instances/tap__att-qwen14b.csv
[tap] ragroll/cordless drill/5: best mean rank 1.00 after 0 levels
[tap] wrote 77 rows -> /scratch1/nimase/geobench/geobench-rev/results/unified/instances/tap__att-qwen14b.csv
[tap] ragroll/cordless drill/6: best mean rank 2.50 after 5 levels
[tap] wrote 78 rows -> /scratch1/nimase/geobench/geobench-rev/results/unified/instances/tap__att-qwen14b.csv
[tap] ragroll/cordless drill/7: best mean rank 3.00 after 5 levels
[tap] wrote 79 rows -> /scratch1/nimase/geobench/geobench-rev/results/unified/instances/tap__att-qwen14b.csv
[tap] ragroll/cordless drill/8: best mean rank 5.50 after 5 levels
[tap] wrote 80 rows -> /scratch1/nimase/geobench/geobench-rev/results/unified/instances/tap__att-qwen14b.csv
[tap] ragroll/curling iron/1: best mean rank 1.00 after 4 levels
[tap] wrote 81 rows -> /scratch1/nimase/geobench/geobench-rev/results/unified/instances/tap__att-qwen14b.csv
[tap] ragroll/curling iron/2: best mean rank 4.50 after 5 levels
[tap] wrote 82 rows -> /scratch1/nimase/geobench/geobench-rev/results/unified/instances/tap__att-qwen14b.csv
[tap] ragroll/curling iron/3: best mean rank 6.50 after 5 levels
[tap] wrote 83 rows -> /scratch1/nimase/geobench/geobench-rev/results/unified/instances/tap__att-qwen14b.csv
[tap] ragroll/curling iron/4: best mean rank 3.00 after 5 levels
[tap] wrote 84 rows -> /scratch1/nimase/geobench/geobench-rev/results/unified/instances/tap__att-qwen14b.csv
[tap] ragroll/curling iron/5: best mean rank 1.00 after 0 levels
[tap] wrote 85 rows -> /scratch1/nimase/geobench/geobench-rev/results/unified/instances/tap__att-qwen14b.csv
[tap] ragroll/curling iron/6: best mean rank 1.00 after 0 levels
[tap] wrote 86 rows -> /scratch1/nimase/geobench/geobench-rev/results/unified/instances/tap__att-qwen14b.csv
[tap] ragroll/curling iron/7: best mean rank 1.00 after 0 levels
[tap] wrote 87 rows -> /scratch1/nimase/geobench/geobench-rev/results/unified/instances/tap__att-qwen14b.csv
[tap] ragroll/curling iron/8: best mean rank 4.00 after 5 levels
[tap] wrote 88 rows -> /scratch1/nimase/geobench/geobench-rev/results/unified/instances/tap__att-qwen14b.csv
[tap] ragroll/dishwasher/1: best mean rank 1.00 after 0 levels
[tap] wrote 89 rows -> /scratch1/nimase/geobench/geobench-rev/results/unified/instances/tap__att-qwen14b.csv
[tap] ragroll/dishwasher/2: best mean rank 1.00 after 2 levels
[tap] wrote 90 rows -> /scratch1/nimase/geobench/geobench-rev/results/unified/instances/tap__att-qwen14b.csv
[tap] ragroll/dishwasher/3: best mean rank 1.50 after 5 levels
[tap] wrote 91 rows -> /scratch1/nimase/geobench/geobench-rev/results/unified/instances/tap__att-qwen14b.csv
[tap] ragroll/dishwasher/4: best mean rank 1.00 after 5 levels
[tap] wrote 92 rows -> /scratch1/nimase/geobench/geobench-rev/results/unified/instances/tap__att-qwen14b.csv
[tap] ragroll/dishwasher/5: best mean rank 7.50 after 5 levels
[tap] wrote 93 rows -> /scratch1/nimase/geobench/geobench-rev/results/unified/instances/tap__att-qwen14b.csv
[tap] ragroll/dishwasher/6: best mean rank 1.00 after 3 levels
[tap] wrote 94 rows -> /scratch1/nimase/geobench/geobench-rev/results/unified/instances/tap__att-qwen14b.csv
[tap] ragroll/dishwasher/7: best mean rank 4.00 after 5 levels
[tap] wrote 95 rows -> /scratch1/nimase/geobench/geobench-rev/results/unified/instances/tap__att-qwen14b.csv
[tap] ragroll/dishwasher/8: best mean rank 1.00 after 0 levels
[tap] wrote 96 rows -> /scratch1/nimase/geobench/geobench-rev/results/unified/instances/tap__att-qwen14b.csv
[tap] ragroll/electric sander/1: best mean rank 1.00 after 0 levels
[tap] wrote 97 rows -> /scratch1/nimase/geobench/geobench-rev/results/unified/instances/tap__att-qwen14b.csv
[tap] ragroll/electric sander/2: best mean rank 3.00 after 5 levels
[tap] wrote 98 rows -> /scratch1/nimase/geobench/geobench-rev/results/unified/instances/tap__att-qwen14b.csv
[tap] ragroll/electric sander/3: best mean rank 1.00 after 0 levels
[tap] wrote 99 rows -> /scratch1/nimase/geobench/geobench-rev/results/unified/instances/tap__att-qwen14b.csv
[tap] ragroll/electric sander/4: best mean rank 1.00 after 0 levels
[tap] wrote 100 rows -> /scratch1/nimase/geobench/geobench-rev/results/unified/instances/tap__att-qwen14b.csv
[tap] ragroll/electric sander/5: best mean rank 5.00 after 5 levels
[tap] wrote 101 rows -> /scratch1/nimase/geobench/geobench-rev/results/unified/instances/tap__att-qwen14b.csv
[tap] ragroll/electric sander/6: best mean rank 1.00 after 1 levels
[tap] wrote 102 rows -> /scratch1/nimase/geobench/geobench-rev/results/unified/instances/tap__att-qwen14b.csv
[tap] ragroll/electric sander/7: best mean rank 1.00 after 0 levels
[tap] wrote 103 rows -> /scratch1/nimase/geobench/geobench-rev/results/unified/instances/tap__att-qwen14b.csv
[tap] ragroll/electric sander/8: best mean rank 1.00 after 0 levels
[tap] wrote 104 rows -> /scratch1/nimase/geobench/geobench-rev/results/unified/instances/tap__att-qwen14b.csv
[tap] ragroll/electric toothbrush/1: best mean rank 1.00 after 4 levels
[tap] wrote 105 rows -> /scratch1/nimase/geobench/geobench-rev/results/unified/instances/tap__att-qwen14b.csv
[tap] ragroll/electric toothbrush/2: best mean rank 1.50 after 5 levels
[tap] wrote 106 rows -> /scratch1/nimase/geobench/geobench-rev/results/unified/instances/tap__att-qwen14b.csv
[tap] ragroll/electric toothbrush/3: best mean rank 1.00 after 3 levels
[tap] wrote 107 rows -> /scratch1/nimase/geobench/geobench-rev/results/unified/instances/tap__att-qwen14b.csv
[tap] ragroll/electric toothbrush/4: best mean rank 7.00 after 5 levels
[tap] wrote 108 rows -> /scratch1/nimase/geobench/geobench-rev/results/unified/instances/tap__att-qwen14b.csv
[tap] ragroll/electric toothbrush/5: best mean rank 5.00 after 5 levels
[tap] wrote 109 rows -> /scratch1/nimase/geobench/geobench-rev/results/unified/instances/tap__att-qwen14b.csv
[tap] ragroll/electric toothbrush/6: best mean rank 1.00 after 0 levels
[tap] wrote 110 rows -> /scratch1/nimase/geobench/geobench-rev/results/unified/instances/tap__att-qwen14b.csv
[tap] ragroll/electric toothbrush/7: best mean rank 1.50 after 5 levels
[tap] wrote 111 rows -> /scratch1/nimase/geobench/geobench-rev/results/unified/instances/tap__att-qwen14b.csv
[tap] ragroll/electric toothbrush/8: best mean rank 1.00 after 0 levels
[tap] wrote 112 rows -> /scratch1/nimase/geobench/geobench-rev/results/unified/instances/tap__att-qwen14b.csv
[tap] ragroll/eyeshadow/1: best mean rank 2.00 after 5 levels
[tap] wrote 113 rows -> /scratch1/nimase/geobench/geobench-rev/results/unified/instances/tap__att-qwen14b.csv
[tap] ragroll/eyeshadow/2: best mean rank 6.50 after 5 levels
[tap] wrote 114 rows -> /scratch1/nimase/geobench/geobench-rev/results/unified/instances/tap__att-qwen14b.csv
[tap] ragroll/eyeshadow/3: best mean rank 1.50 after 5 levels
[tap] wrote 115 rows -> /scratch1/nimase/geobench/geobench-rev/results/unified/instances/tap__att-qwen14b.csv
[tap] ragroll/eyeshadow/4: best mean rank 1.50 after 5 levels
[tap] wrote 116 rows -> /scratch1/nimase/geobench/geobench-rev/results/unified/instances/tap__att-qwen14b.csv
[tap] ragroll/eyeshadow/5: best mean rank 1.00 after 0 levels
[tap] wrote 117 rows -> /scratch1/nimase/geobench/geobench-rev/results/unified/instances/tap__att-qwen14b.csv
[tap] ragroll/eyeshadow/6: best mean rank 1.50 after 5 levels
[tap] wrote 118 rows -> /scratch1/nimase/geobench/geobench-rev/results/unified/instances/tap__att-qwen14b.csv
[tap] ragroll/eyeshadow/7: best mean rank 3.50 after 5 levels
[tap] wrote 119 rows -> /scratch1/nimase/geobench/geobench-rev/results/unified/instances/tap__att-qwen14b.csv
[tap] ragroll/eyeshadow/8: best mean rank 1.50 after 5 levels
[tap] wrote 120 rows -> /scratch1/nimase/geobench/geobench-rev/results/unified/instances/tap__att-qwen14b.csv
[tap] ragroll/fascia gun/1: best mean rank 1.50 after 5 levels
[tap] wrote 121 rows -> /scratch1/nimase/geobench/geobench-rev/results/unified/instances/tap__att-qwen14b.csv
[tap] ragroll/fascia gun/2: best mean rank 3.50 after 5 levels
[tap] wrote 122 rows -> /scratch1/nimase/geobench/geobench-rev/results/unified/instances/tap__att-qwen14b.csv
[tap] ragroll/fascia gun/3: best mean rank 2.00 after 5 levels
[tap] wrote 123 rows -> /scratch1/nimase/geobench/geobench-rev/results/unified/instances/tap__att-qwen14b.csv
[tap] ragroll/fascia gun/4: best mean rank 2.50 after 5 levels
[tap] wrote 124 rows -> /scratch1/nimase/geobench/geobench-rev/results/unified/instances/tap__att-qwen14b.csv
[tap] ragroll/fascia gun/5: best mean rank 1.00 after 0 levels
[tap] wrote 125 rows -> /scratch1/nimase/geobench/geobench-rev/results/unified/instances/tap__att-qwen14b.csv
[tap] ragroll/fascia gun/6: best mean rank 2.00 after 5 levels
[tap] wrote 126 rows -> /scratch1/nimase/geobench/geobench-rev/results/unified/instances/tap__att-qwen14b.csv
[tap] ragroll/fascia gun/7: best mean rank 1.00 after 2 levels
[tap] wrote 127 rows -> /scratch1/nimase/geobench/geobench-rev/results/unified/instances/tap__att-qwen14b.csv
[tap] ragroll/fascia gun/8: best mean rank 1.00 after 0 levels
[tap] wrote 128 rows -> /scratch1/nimase/geobench/geobench-rev/results/unified/instances/tap__att-qwen14b.csv
[tap] ragroll/hair dryer/1: best mean rank 2.00 after 5 levels
[tap] wrote 129 rows -> /scratch1/nimase/geobench/geobench-rev/results/unified/instances/tap__att-qwen14b.csv
[tap] ragroll/hair dryer/2: best mean rank 1.50 after 5 levels
[tap] wrote 130 rows -> /scratch1/nimase/geobench/geobench-rev/results/unified/instances/tap__att-qwen14b.csv
[tap] ragroll/hair dryer/3: best mean rank 1.50 after 5 levels
[tap] wrote 131 rows -> /scratch1/nimase/geobench/geobench-rev/results/unified/instances/tap__att-qwen14b.csv
[tap] ragroll/hair dryer/4: best mean rank 3.00 after 5 levels
[tap] wrote 132 rows -> /scratch1/nimase/geobench/geobench-rev/results/unified/instances/tap__att-qwen14b.csv
[tap] ragroll/hair dryer/5: best mean rank 4.00 after 5 levels
[tap] wrote 133 rows -> /scratch1/nimase/geobench/geobench-rev/results/unified/instances/tap__att-qwen14b.csv
[tap] ragroll/hair dryer/6: best mean rank 6.50 after 5 levels
[tap] wrote 134 rows -> /scratch1/nimase/geobench/geobench-rev/results/unified/instances/tap__att-qwen14b.csv
[tap] ragroll/hair dryer/7: best mean rank 6.00 after 5 levels
[tap] wrote 135 rows -> /scratch1/nimase/geobench/geobench-rev/results/unified/instances/tap__att-qwen14b.csv
[tap] ragroll/hair dryer/8: best mean rank 1.00 after 0 levels
[tap] wrote 136 rows -> /scratch1/nimase/geobench/geobench-rev/results/unified/instances/tap__att-qwen14b.csv
[tap] ragroll/hair straightener/1: best mean rank 2.50 after 5 levels
[tap] wrote 137 rows -> /scratch1/nimase/geobench/geobench-rev/results/unified/instances/tap__att-qwen14b.csv
[tap] ragroll/hair straightener/2: best mean rank 2.00 after 5 levels
[tap] wrote 138 rows -> /scratch1/nimase/geobench/geobench-rev/results/unified/instances/tap__att-qwen14b.csv
[tap] ragroll/hair straightener/3: best mean rank 3.00 after 5 levels
[tap] wrote 139 rows -> /scratch1/nimase/geobench/geobench-rev/results/unified/instances/tap__att-qwen14b.csv
[tap] ragroll/hair straightener/4: best mean rank 2.00 after 5 levels
[tap] wrote 140 rows -> /scratch1/nimase/geobench/geobench-rev/results/unified/instances/tap__att-qwen14b.csv
[tap] ragroll/hair straightener/5: best mean rank 1.00 after 0 levels
[tap] wrote 141 rows -> /scratch1/nimase/geobench/geobench-rev/results/unified/instances/tap__att-qwen14b.csv
[tap] ragroll/hair straightener/6: best mean rank 5.50 after 5 levels
[tap] wrote 142 rows -> /scratch1/nimase/geobench/geobench-rev/results/unified/instances/tap__att-qwen14b.csv
[tap] ragroll/hair straightener/7: best mean rank 1.00 after 0 levels
[tap] wrote 143 rows -> /scratch1/nimase/geobench/geobench-rev/results/unified/instances/tap__att-qwen14b.csv
[tap] ragroll/hair straightener/8: best mean rank 3.00 after 5 levels
[tap] wrote 144 rows -> /scratch1/nimase/geobench/geobench-rev/results/unified/instances/tap__att-qwen14b.csv
[tap] ragroll/hammock/1: best mean rank 1.50 after 5 levels
[tap] wrote 145 rows -> /scratch1/nimase/geobench/geobench-rev/results/unified/instances/tap__att-qwen14b.csv
[tap] ragroll/hammock/2: best mean rank 1.00 after 0 levels
[tap] wrote 146 rows -> /scratch1/nimase/geobench/geobench-rev/results/unified/instances/tap__att-qwen14b.csv
[tap] ragroll/hammock/3: best mean rank 3.50 after 5 levels
[tap] wrote 147 rows -> /scratch1/nimase/geobench/geobench-rev/results/unified/instances/tap__att-qwen14b.csv
[tap] ragroll/hammock/4: best mean rank 1.00 after 0 levels
[tap] wrote 148 rows -> /scratch1/nimase/geobench/geobench-rev/results/unified/instances/tap__att-qwen14b.csv
[tap] ragroll/hammock/5: best mean rank 1.00 after 0 levels
[tap] wrote 149 rows -> /scratch1/nimase/geobench/geobench-rev/results/unified/instances/tap__att-qwen14b.csv
[tap] ragroll/hammock/6: best mean rank 1.00 after 0 levels
[tap] wrote 150 rows -> /scratch1/nimase/geobench/geobench-rev/results/unified/instances/tap__att-qwen14b.csv
[tap] ragroll/hammock/7: best mean rank 1.00 after 0 levels
[tap] wrote 151 rows -> /scratch1/nimase/geobench/geobench-rev/results/unified/instances/tap__att-qwen14b.csv
[tap] ragroll/hammock/8: best mean rank 4.00 after 5 levels
[tap] wrote 152 rows -> /scratch1/nimase/geobench/geobench-rev/results/unified/instances/tap__att-qwen14b.csv
[tap] ragroll/hedge trimmer/1: best mean rank 3.00 after 5 levels
[tap] wrote 153 rows -> /scratch1/nimase/geobench/geobench-rev/results/unified/instances/tap__att-qwen14b.csv
[tap] ragroll/hedge trimmer/2: best mean rank 1.50 after 5 levels
[tap] wrote 154 rows -> /scratch1/nimase/geobench/geobench-rev/results/unified/instances/tap__att-qwen14b.csv
[tap] ragroll/hedge trimmer/3: best mean rank 1.00 after 1 levels
[tap] wrote 155 rows -> /scratch1/nimase/geobench/geobench-rev/results/unified/instances/tap__att-qwen14b.csv
[tap] ragroll/hedge trimmer/4: best mean rank 1.00 after 1 levels
[tap] wrote 156 rows -> /scratch1/nimase/geobench/geobench-rev/results/unified/instances/tap__att-qwen14b.csv
[tap] ragroll/hedge trimmer/5: best mean rank 1.00 after 1 levels
[tap] wrote 157 rows -> /scratch1/nimase/geobench/geobench-rev/results/unified/instances/tap__att-qwen14b.csv
[tap] ragroll/hedge trimmer/6: best mean rank 1.00 after 0 levels
[tap] wrote 158 rows -> /scratch1/nimase/geobench/geobench-rev/results/unified/instances/tap__att-qwen14b.csv
[tap] ragroll/hedge trimmer/7: best mean rank 3.00 after 5 levels
[tap] wrote 159 rows -> /scratch1/nimase/geobench/geobench-rev/results/unified/instances/tap__att-qwen14b.csv
[tap] ragroll/hedge trimmer/8: best mean rank 8.50 after 5 levels
[tap] wrote 160 rows -> /scratch1/nimase/geobench/geobench-rev/results/unified/instances/tap__att-qwen14b.csv
[tap] ragroll/laptop/1: best mean rank 1.00 after 4 levels
[tap] wrote 161 rows -> /scratch1/nimase/geobench/geobench-rev/results/unified/instances/tap__att-qwen14b.csv
[tap] ragroll/laptop/2: best mean rank 1.50 after 5 levels
[tap] wrote 162 rows -> /scratch1/nimase/geobench/geobench-rev/results/unified/instances/tap__att-qwen14b.csv
[tap] ragroll/laptop/3: best mean rank 3.50 after 5 levels
[tap] wrote 163 rows -> /scratch1/nimase/geobench/geobench-rev/results/unified/instances/tap__att-qwen14b.csv
[tap] ragroll/laptop/4: best mean rank 1.00 after 0 levels
[tap] wrote 164 rows -> /scratch1/nimase/geobench/geobench-rev/results/unified/instances/tap__att-qwen14b.csv
[tap] ragroll/laptop/5: best mean rank 1.00 after 0 levels
[tap] wrote 165 rows -> /scratch1/nimase/geobench/geobench-rev/results/unified/instances/tap__att-qwen14b.csv
[tap] ragroll/laptop/6: best mean rank 2.00 after 5 levels
[tap] wrote 166 rows -> /scratch1/nimase/geobench/geobench-rev/results/unified/instances/tap__att-qwen14b.csv
[tap] ragroll/laptop/7: best mean rank 4.50 after 5 levels
[tap] wrote 167 rows -> /scratch1/nimase/geobench/geobench-rev/results/unified/instances/tap__att-qwen14b.csv
[tap] ragroll/laptop/8: best mean rank 3.00 after 5 levels
[tap] wrote 168 rows -> /scratch1/nimase/geobench/geobench-rev/results/unified/instances/tap__att-qwen14b.csv
[tap] ragroll/laser measure/1: best mean rank 5.00 after 5 levels
[tap] wrote 169 rows -> /scratch1/nimase/geobench/geobench-rev/results/unified/instances/tap__att-qwen14b.csv
[tap] ragroll/laser measure/2: best mean rank 1.00 after 1 levels
[tap] wrote 170 rows -> /scratch1/nimase/geobench/geobench-rev/results/unified/instances/tap__att-qwen14b.csv
[tap] ragroll/laser measure/3: best mean rank 1.00 after 0 levels
[tap] wrote 171 rows -> /scratch1/nimase/geobench/geobench-rev/results/unified/instances/tap__att-qwen14b.csv
[tap] ragroll/laser measure/4: best mean rank 1.00 after 0 levels
[tap] wrote 172 rows -> /scratch1/nimase/geobench/geobench-rev/results/unified/instances/tap__att-qwen14b.csv
[tap] ragroll/laser measure/5: best mean rank 1.00 after 0 levels
[tap] wrote 173 rows -> /scratch1/nimase/geobench/geobench-rev/results/unified/instances/tap__att-qwen14b.csv
[tap] ragroll/laser measure/6: best mean rank 1.00 after 3 levels
[tap] wrote 174 rows -> /scratch1/nimase/geobench/geobench-rev/results/unified/instances/tap__att-qwen14b.csv
[tap] ragroll/laser measure/7: best mean rank 1.00 after 0 levels
[tap] wrote 175 rows -> /scratch1/nimase/geobench/geobench-rev/results/unified/instances/tap__att-qwen14b.csv
[tap] ragroll/laser measure/8: best mean rank 1.00 after 0 levels
[tap] wrote 176 rows -> /scratch1/nimase/geobench/geobench-rev/results/unified/instances/tap__att-qwen14b.csv
[tap] ragroll/lawn mower/1: best mean rank 1.00 after 0 levels
[tap] wrote 177 rows -> /scratch1/nimase/geobench/geobench-rev/results/unified/instances/tap__att-qwen14b.csv
[tap] ragroll/lawn mower/2: best mean rank 2.50 after 5 levels
[tap] wrote 178 rows -> /scratch1/nimase/geobench/geobench-rev/results/unified/instances/tap__att-qwen14b.csv
[tap] ragroll/lawn mower/3: best mean rank 1.00 after 3 levels
[tap] wrote 179 rows -> /scratch1/nimase/geobench/geobench-rev/results/unified/instances/tap__att-qwen14b.csv
[tap] ragroll/lawn mower/4: best mean rank 3.50 after 5 levels
[tap] wrote 180 rows -> /scratch1/nimase/geobench/geobench-rev/results/unified/instances/tap__att-qwen14b.csv
[tap] ragroll/lawn mower/5: best mean rank 1.00 after 0 levels
[tap] wrote 181 rows -> /scratch1/nimase/geobench/geobench-rev/results/unified/instances/tap__att-qwen14b.csv
[tap] ragroll/lawn mower/6: best mean rank 6.50 after 5 levels
[tap] wrote 182 rows -> /scratch1/nimase/geobench/geobench-rev/results/unified/instances/tap__att-qwen14b.csv
[tap] ragroll/lawn mower/7: best mean rank 1.00 after 1 levels
[tap] wrote 183 rows -> /scratch1/nimase/geobench/geobench-rev/results/unified/instances/tap__att-qwen14b.csv
[tap] ragroll/lawn mower/8: best mean rank 1.00 after 0 levels
[tap] wrote 184 rows -> /scratch1/nimase/geobench/geobench-rev/results/unified/instances/tap__att-qwen14b.csv
[tap] ragroll/leaf blower/1: best mean rank 1.00 after 0 levels
[tap] wrote 185 rows -> /scratch1/nimase/geobench/geobench-rev/results/unified/instances/tap__att-qwen14b.csv
[tap] ragroll/leaf blower/2: best mean rank 1.00 after 0 levels
[tap] wrote 186 rows -> /scratch1/nimase/geobench/geobench-rev/results/unified/instances/tap__att-qwen14b.csv
[tap] ragroll/leaf blower/3: best mean rank 7.00 after 5 levels
[tap] wrote 187 rows -> /scratch1/nimase/geobench/geobench-rev/results/unified/instances/tap__att-qwen14b.csv
[tap] ragroll/leaf blower/4: best mean rank 2.50 after 5 levels
[tap] wrote 188 rows -> /scratch1/nimase/geobench/geobench-rev/results/unified/instances/tap__att-qwen14b.csv
[tap] ragroll/leaf blower/5: best mean rank 6.00 after 5 levels
[tap] wrote 189 rows -> /scratch1/nimase/geobench/geobench-rev/results/unified/instances/tap__att-qwen14b.csv
[tap] ragroll/leaf blower/6: best mean rank 1.00 after 1 levels
[tap] wrote 190 rows -> /scratch1/nimase/geobench/geobench-rev/results/unified/instances/tap__att-qwen14b.csv
[tap] ragroll/leaf blower/7: best mean rank 1.00 after 0 levels
[tap] wrote 191 rows -> /scratch1/nimase/geobench/geobench-rev/results/unified/instances/tap__att-qwen14b.csv
[tap] ragroll/leaf blower/8: best mean rank 1.00 after 0 levels
[tap] wrote 192 rows -> /scratch1/nimase/geobench/geobench-rev/results/unified/instances/tap__att-qwen14b.csv
[tap] ragroll/lipstick/1: best mean rank 1.00 after 0 levels
[tap] wrote 193 rows -> /scratch1/nimase/geobench/geobench-rev/results/unified/instances/tap__att-qwen14b.csv
[tap] ragroll/lipstick/2: best mean rank 3.00 after 5 levels
[tap] wrote 194 rows -> /scratch1/nimase/geobench/geobench-rev/results/unified/instances/tap__att-qwen14b.csv
[tap] ragroll/lipstick/3: best mean rank 4.00 after 5 levels
[tap] wrote 195 rows -> /scratch1/nimase/geobench/geobench-rev/results/unified/instances/tap__att-qwen14b.csv
[tap] ragroll/lipstick/4: best mean rank 1.00 after 0 levels
[tap] wrote 196 rows -> /scratch1/nimase/geobench/geobench-rev/results/unified/instances/tap__att-qwen14b.csv
[tap] ragroll/lipstick/5: best mean rank 3.00 after 5 levels
[tap] wrote 197 rows -> /scratch1/nimase/geobench/geobench-rev/results/unified/instances/tap__att-qwen14b.csv
[tap] ragroll/lipstick/6: best mean rank 1.00 after 0 levels
[tap] wrote 198 rows -> /scratch1/nimase/geobench/geobench-rev/results/unified/instances/tap__att-qwen14b.csv
[tap] ragroll/lipstick/7: best mean rank 1.00 after 0 levels
[tap] wrote 199 rows -> /scratch1/nimase/geobench/geobench-rev/results/unified/instances/tap__att-qwen14b.csv
[tap] ragroll/lipstick/8: best mean rank 1.00 after 0 levels
[tap] wrote 200 rows -> /scratch1/nimase/geobench/geobench-rev/results/unified/instances/tap__att-qwen14b.csv
[tap] ragroll/microwave oven/1: best mean rank 2.00 after 5 levels
[tap] wrote 201 rows -> /scratch1/nimase/geobench/geobench-rev/results/unified/instances/tap__att-qwen14b.csv
[tap] ragroll/microwave oven/2: best mean rank 2.50 after 5 levels
[tap] wrote 202 rows -> /scratch1/nimase/geobench/geobench-rev/results/unified/instances/tap__att-qwen14b.csv
[tap] ragroll/microwave oven/3: best mean rank 3.50 after 5 levels
[tap] wrote 203 rows -> /scratch1/nimase/geobench/geobench-rev/results/unified/instances/tap__att-qwen14b.csv
[tap] ragroll/microwave oven/4: best mean rank 1.50 after 5 levels
[tap] wrote 204 rows -> /scratch1/nimase/geobench/geobench-rev/results/unified/instances/tap__att-qwen14b.csv
[tap] ragroll/microwave oven/5: best mean rank 1.00 after 0 levels
[tap] wrote 205 rows -> /scratch1/nimase/geobench/geobench-rev/results/unified/instances/tap__att-qwen14b.csv
[tap] ragroll/microwave oven/6: best mean rank 1.00 after 0 levels
[tap] wrote 206 rows -> /scratch1/nimase/geobench/geobench-rev/results/unified/instances/tap__att-qwen14b.csv
[tap] ragroll/microwave oven/7: best mean rank 6.50 after 5 levels
[tap] wrote 207 rows -> /scratch1/nimase/geobench/geobench-rev/results/unified/instances/tap__att-qwen14b.csv
[tap] ragroll/microwave oven/8: best mean rank 2.00 after 5 levels
[tap] wrote 208 rows -> /scratch1/nimase/geobench/geobench-rev/results/unified/instances/tap__att-qwen14b.csv
[tap] ragroll/network attached storage/1: best mean rank 4.00 after 5 levels
[tap] wrote 209 rows -> /scratch1/nimase/geobench/geobench-rev/results/unified/instances/tap__att-qwen14b.csv
[tap] ragroll/network attached storage/2: best mean rank 1.50 after 5 levels
[tap] wrote 210 rows -> /scratch1/nimase/geobench/geobench-rev/results/unified/instances/tap__att-qwen14b.csv
[tap] ragroll/network attached storage/3: best mean rank 4.50 after 5 levels
[tap] wrote 211 rows -> /scratch1/nimase/geobench/geobench-rev/results/unified/instances/tap__att-qwen14b.csv
[tap] ragroll/network attached storage/4: best mean rank 4.50 after 5 levels
[tap] wrote 212 rows -> /scratch1/nimase/geobench/geobench-rev/results/unified/instances/tap__att-qwen14b.csv
[tap] ragroll/network attached storage/5: best mean rank 3.50 after 5 levels
[tap] wrote 213 rows -> /scratch1/nimase/geobench/geobench-rev/results/unified/instances/tap__att-qwen14b.csv
[tap] ragroll/network attached storage/6: best mean rank 2.00 after 5 levels
[tap] wrote 214 rows -> /scratch1/nimase/geobench/geobench-rev/results/unified/instances/tap__att-qwen14b.csv
[tap] ragroll/network attached storage/7: best mean rank 1.00 after 0 levels
[tap] wrote 215 rows -> /scratch1/nimase/geobench/geobench-rev/results/unified/instances/tap__att-qwen14b.csv
[tap] ragroll/network attached storage/8: best mean rank 1.50 after 5 levels
[tap] wrote 216 rows -> /scratch1/nimase/geobench/geobench-rev/results/unified/instances/tap__att-qwen14b.csv
[tap] ragroll/noise-canceling headphone/1: best mean rank 4.00 after 5 levels
[tap] wrote 217 rows -> /scratch1/nimase/geobench/geobench-rev/results/unified/instances/tap__att-qwen14b.csv
[tap] ragroll/noise-canceling headphone/2: best mean rank 5.50 after 5 levels
[tap] wrote 218 rows -> /scratch1/nimase/geobench/geobench-rev/results/unified/instances/tap__att-qwen14b.csv
[tap] ragroll/noise-canceling headphone/3: best mean rank 4.50 after 5 levels
[tap] wrote 219 rows -> /scratch1/nimase/geobench/geobench-rev/results/unified/instances/tap__att-qwen14b.csv
[tap] ragroll/noise-canceling headphone/4: best mean rank 4.00 after 5 levels
[tap] wrote 220 rows -> /scratch1/nimase/geobench/geobench-rev/results/unified/instances/tap__att-qwen14b.csv
[tap] ragroll/noise-canceling headphone/5: best mean rank 2.50 after 5 levels
[tap] wrote 221 rows -> /scratch1/nimase/geobench/geobench-rev/results/unified/instances/tap__att-qwen14b.csv
[tap] ragroll/noise-canceling headphone/6: best mean rank 2.00 after 5 levels
[tap] wrote 222 rows -> /scratch1/nimase/geobench/geobench-rev/results/unified/instances/tap__att-qwen14b.csv
[tap] ragroll/noise-canceling headphone/7: best mean rank 1.00 after 0 levels
[tap] wrote 223 rows -> /scratch1/nimase/geobench/geobench-rev/results/unified/instances/tap__att-qwen14b.csv
[tap] ragroll/noise-canceling headphone/8: best mean rank 1.00 after 0 levels
[tap] wrote 224 rows -> /scratch1/nimase/geobench/geobench-rev/results/unified/instances/tap__att-qwen14b.csv
[tap] ragroll/paint sprayer/1: best mean rank 4.00 after 5 levels
[tap] wrote 225 rows -> /scratch1/nimase/geobench/geobench-rev/results/unified/instances/tap__att-qwen14b.csv
[tap] ragroll/paint sprayer/2: best mean rank 1.00 after 0 levels
[tap] wrote 226 rows -> /scratch1/nimase/geobench/geobench-rev/results/unified/instances/tap__att-qwen14b.csv
[tap] ragroll/paint sprayer/3: best mean rank 1.00 after 0 levels
[tap] wrote 227 rows -> /scratch1/nimase/geobench/geobench-rev/results/unified/instances/tap__att-qwen14b.csv
[tap] ragroll/paint sprayer/4: best mean rank 1.00 after 0 levels
[tap] wrote 228 rows -> /scratch1/nimase/geobench/geobench-rev/results/unified/instances/tap__att-qwen14b.csv
[tap] ragroll/paint sprayer/5: best mean rank 1.00 after 0 levels
[tap] wrote 229 rows -> /scratch1/nimase/geobench/geobench-rev/results/unified/instances/tap__att-qwen14b.csv
[tap] ragroll/paint sprayer/6: best mean rank 1.00 after 2 levels
[tap] wrote 230 rows -> /scratch1/nimase/geobench/geobench-rev/results/unified/instances/tap__att-qwen14b.csv
[tap] ragroll/paint sprayer/7: best mean rank 1.00 after 0 levels
[tap] wrote 231 rows -> /scratch1/nimase/geobench/geobench-rev/results/unified/instances/tap__att-qwen14b.csv
[tap] ragroll/paint sprayer/8: best mean rank 1.00 after 0 levels
[tap] wrote 232 rows -> /scratch1/nimase/geobench/geobench-rev/results/unified/instances/tap__att-qwen14b.csv
[tap] ragroll/pool cleaner/1: best mean rank 1.00 after 4 levels
[tap] wrote 233 rows -> /scratch1/nimase/geobench/geobench-rev/results/unified/instances/tap__att-qwen14b.csv
[tap] ragroll/pool cleaner/2: best mean rank 1.00 after 1 levels
[tap] wrote 234 rows -> /scratch1/nimase/geobench/geobench-rev/results/unified/instances/tap__att-qwen14b.csv
[tap] ragroll/pool cleaner/3: best mean rank 1.00 after 0 levels
[tap] wrote 235 rows -> /scratch1/nimase/geobench/geobench-rev/results/unified/instances/tap__att-qwen14b.csv
[tap] ragroll/pool cleaner/4: best mean rank 1.00 after 0 levels
[tap] wrote 236 rows -> /scratch1/nimase/geobench/geobench-rev/results/unified/instances/tap__att-qwen14b.csv
[tap] ragroll/pool cleaner/5: best mean rank 1.00 after 0 levels
[tap] wrote 237 rows -> /scratch1/nimase/geobench/geobench-rev/results/unified/instances/tap__att-qwen14b.csv
[tap] ragroll/pool cleaner/6: best mean rank 1.00 after 0 levels
[tap] wrote 238 rows -> /scratch1/nimase/geobench/geobench-rev/results/unified/instances/tap__att-qwen14b.csv
[tap] ragroll/pool cleaner/7: best mean rank 1.00 after 0 levels
[tap] wrote 239 rows -> /scratch1/nimase/geobench/geobench-rev/results/unified/instances/tap__att-qwen14b.csv
[tap] ragroll/pool cleaner/8: best mean rank 1.00 after 0 levels
[tap] wrote 240 rows -> /scratch1/nimase/geobench/geobench-rev/results/unified/instances/tap__att-qwen14b.csv
[tap] ragroll/portable air conditioner/1: best mean rank 1.00 after 0 levels
[tap] wrote 241 rows -> /scratch1/nimase/geobench/geobench-rev/results/unified/instances/tap__att-qwen14b.csv
[tap] ragroll/portable air conditioner/2: best mean rank 1.00 after 4 levels
[tap] wrote 242 rows -> /scratch1/nimase/geobench/geobench-rev/results/unified/instances/tap__att-qwen14b.csv
[tap] ragroll/portable air conditioner/3: best mean rank 1.00 after 0 levels
[tap] wrote 243 rows -> /scratch1/nimase/geobench/geobench-rev/results/unified/instances/tap__att-qwen14b.csv
[tap] ragroll/portable air conditioner/4: best mean rank 1.00 after 0 levels
[tap] wrote 244 rows -> /scratch1/nimase/geobench/geobench-rev/results/unified/instances/tap__att-qwen14b.csv
[tap] ragroll/portable air conditioner/5: best mean rank 1.00 after 2 levels
[tap] wrote 245 rows -> /scratch1/nimase/geobench/geobench-rev/results/unified/instances/tap__att-qwen14b.csv
[tap] ragroll/portable air conditioner/6: best mean rank 8.00 after 5 levels
[tap] wrote 246 rows -> /scratch1/nimase/geobench/geobench-rev/results/unified/instances/tap__att-qwen14b.csv
[tap] ragroll/portable air conditioner/7: best mean rank 1.00 after 0 levels
[tap] wrote 247 rows -> /scratch1/nimase/geobench/geobench-rev/results/unified/instances/tap__att-qwen14b.csv
[tap] ragroll/portable air conditioner/8: best mean rank 1.00 after 0 levels
[tap] wrote 248 rows -> /scratch1/nimase/geobench/geobench-rev/results/unified/instances/tap__att-qwen14b.csv
[tap] ragroll/portable speaker/1: best mean rank 1.00 after 4 levels
[tap] wrote 249 rows -> /scratch1/nimase/geobench/geobench-rev/results/unified/instances/tap__att-qwen14b.csv
[tap] ragroll/portable speaker/2: best mean rank 1.00 after 0 levels
[tap] wrote 250 rows -> /scratch1/nimase/geobench/geobench-rev/results/unified/instances/tap__att-qwen14b.csv
[tap] ragroll/portable speaker/3: best mean rank 1.00 after 0 levels
[tap] wrote 251 rows -> /scratch1/nimase/geobench/geobench-rev/results/unified/instances/tap__att-qwen14b.csv
[tap] ragroll/portable speaker/4: best mean rank 1.00 after 0 levels
[tap] wrote 252 rows -> /scratch1/nimase/geobench/geobench-rev/results/unified/instances/tap__att-qwen14b.csv
[tap] ragroll/portable speaker/5: best mean rank 1.00 after 0 levels
[tap] wrote 253 rows -> /scratch1/nimase/geobench/geobench-rev/results/unified/instances/tap__att-qwen14b.csv
[tap] ragroll/portable speaker/6: best mean rank 1.00 after 0 levels
[tap] wrote 254 rows -> /scratch1/nimase/geobench/geobench-rev/results/unified/instances/tap__att-qwen14b.csv
[tap] ragroll/portable speaker/7: best mean rank 1.00 after 0 levels
[tap] wrote 255 rows -> /scratch1/nimase/geobench/geobench-rev/results/unified/instances/tap__att-qwen14b.csv
[tap] ragroll/pressure washer/1: best mean rank 1.00 after 1 levels
[tap] wrote 256 rows -> /scratch1/nimase/geobench/geobench-rev/results/unified/instances/tap__att-qwen14b.csv
[tap] ragroll/pressure washer/2: best mean rank 1.00 after 0 levels
[tap] wrote 257 rows -> /scratch1/nimase/geobench/geobench-rev/results/unified/instances/tap__att-qwen14b.csv
[tap] ragroll/pressure washer/3: best mean rank 1.50 after 5 levels
[tap] wrote 258 rows -> /scratch1/nimase/geobench/geobench-rev/results/unified/instances/tap__att-qwen14b.csv
[tap] ragroll/pressure washer/4: best mean rank 1.00 after 0 levels
[tap] wrote 259 rows -> /scratch1/nimase/geobench/geobench-rev/results/unified/instances/tap__att-qwen14b.csv
[tap] ragroll/pressure washer/5: best mean rank 1.00 after 0 levels
[tap] wrote 260 rows -> /scratch1/nimase/geobench/geobench-rev/results/unified/instances/tap__att-qwen14b.csv
[tap] ragroll/pressure washer/6: best mean rank 1.00 after 3 levels
[tap] wrote 261 rows -> /scratch1/nimase/geobench/geobench-rev/results/unified/instances/tap__att-qwen14b.csv
[tap] ragroll/pressure washer/7: best mean rank 1.00 after 0 levels
[tap] wrote 262 rows -> /scratch1/nimase/geobench/geobench-rev/results/unified/instances/tap__att-qwen14b.csv
[tap] ragroll/pressure washer/8: best mean rank 3.50 after 5 levels
[tap] wrote 263 rows -> /scratch1/nimase/geobench/geobench-rev/results/unified/instances/tap__att-qwen14b.csv
[tap] ragroll/robot vacuum/1: best mean rank 1.00 after 1 levels
[tap] wrote 264 rows -> /scratch1/nimase/geobench/geobench-rev/results/unified/instances/tap__att-qwen14b.csv
[tap] ragroll/robot vacuum/2: best mean rank 1.00 after 0 levels
[tap] wrote 265 rows -> /scratch1/nimase/geobench/geobench-rev/results/unified/instances/tap__att-qwen14b.csv
[tap] ragroll/robot vacuum/3: best mean rank 7.50 after 5 levels
[tap] wrote 266 rows -> /scratch1/nimase/geobench/geobench-rev/results/unified/instances/tap__att-qwen14b.csv
[tap] ragroll/robot vacuum/4: best mean rank 1.00 after 0 levels
[tap] wrote 267 rows -> /scratch1/nimase/geobench/geobench-rev/results/unified/instances/tap__att-qwen14b.csv
[tap] ragroll/robot vacuum/5: best mean rank 1.00 after 0 levels
[tap] wrote 268 rows -> /scratch1/nimase/geobench/geobench-rev/results/unified/instances/tap__att-qwen14b.csv
[tap] ragroll/robot vacuum/6: best mean rank 1.00 after 0 levels
[tap] wrote 269 rows -> /scratch1/nimase/geobench/geobench-rev/results/unified/instances/tap__att-qwen14b.csv
[tap] ragroll/robot vacuum/7: best mean rank 1.00 after 0 levels
[tap] wrote 270 rows -> /scratch1/nimase/geobench/geobench-rev/results/unified/instances/tap__att-qwen14b.csv
[tap] ragroll/robot vacuum/8: best mean rank 1.00 after 0 levels
[tap] wrote 271 rows -> /scratch1/nimase/geobench/geobench-rev/results/unified/instances/tap__att-qwen14b.csv
[tap] ragroll/screw driver/1: best mean rank 1.00 after 4 levels
[tap] wrote 272 rows -> /scratch1/nimase/geobench/geobench-rev/results/unified/instances/tap__att-qwen14b.csv
[tap] ragroll/screw driver/2: best mean rank 4.00 after 5 levels
[tap] wrote 273 rows -> /scratch1/nimase/geobench/geobench-rev/results/unified/instances/tap__att-qwen14b.csv
[tap] ragroll/screw driver/3: best mean rank 2.00 after 5 levels
[tap] wrote 274 rows -> /scratch1/nimase/geobench/geobench-rev/results/unified/instances/tap__att-qwen14b.csv
[tap] ragroll/screw driver/4: best mean rank 1.00 after 0 levels
[tap] wrote 275 rows -> /scratch1/nimase/geobench/geobench-rev/results/unified/instances/tap__att-qwen14b.csv
[tap] ragroll/screw driver/5: best mean rank 1.00 after 0 levels
[tap] wrote 276 rows -> /scratch1/nimase/geobench/geobench-rev/results/unified/instances/tap__att-qwen14b.csv
[tap] ragroll/screw driver/6: best mean rank 1.00 after 0 levels
[tap] wrote 277 rows -> /scratch1/nimase/geobench/geobench-rev/results/unified/instances/tap__att-qwen14b.csv
[tap] ragroll/screw driver/7: best mean rank 1.00 after 1 levels
[tap] wrote 278 rows -> /scratch1/nimase/geobench/geobench-rev/results/unified/instances/tap__att-qwen14b.csv
[tap] ragroll/screw driver/8: best mean rank 1.00 after 1 levels
[tap] wrote 279 rows -> /scratch1/nimase/geobench/geobench-rev/results/unified/instances/tap__att-qwen14b.csv
[tap] ragroll/shampoo/1: best mean rank 1.00 after 0 levels
[tap] wrote 280 rows -> /scratch1/nimase/geobench/geobench-rev/results/unified/instances/tap__att-qwen14b.csv
[tap] ragroll/shampoo/2: best mean rank 1.00 after 0 levels
[tap] wrote 281 rows -> /scratch1/nimase/geobench/geobench-rev/results/unified/instances/tap__att-qwen14b.csv
[tap] ragroll/shampoo/3: best mean rank 1.00 after 0 levels
[tap] wrote 282 rows -> /scratch1/nimase/geobench/geobench-rev/results/unified/instances/tap__att-qwen14b.csv
[tap] ragroll/shampoo/4: best mean rank 1.00 after 0 levels
[tap] wrote 283 rows -> /scratch1/nimase/geobench/geobench-rev/results/unified/instances/tap__att-qwen14b.csv
[tap] ragroll/shampoo/5: best mean rank 1.00 after 0 levels
[tap] wrote 284 rows -> /scratch1/nimase/geobench/geobench-rev/results/unified/instances/tap__att-qwen14b.csv
[tap] ragroll/shampoo/6: best mean rank 3.50 after 5 levels
[tap] wrote 285 rows -> /scratch1/nimase/geobench/geobench-rev/results/unified/instances/tap__att-qwen14b.csv
[tap] ragroll/shampoo/7: best mean rank 4.00 after 5 levels
[tap] wrote 286 rows -> /scratch1/nimase/geobench/geobench-rev/results/unified/instances/tap__att-qwen14b.csv
[tap] ragroll/shampoo/8: best mean rank 1.00 after 0 levels
[tap] wrote 287 rows -> /scratch1/nimase/geobench/geobench-rev/results/unified/instances/tap__att-qwen14b.csv
[tap] ragroll/skin cleansing brush/1: best mean rank 1.50 after 5 levels
[tap] wrote 288 rows -> /scratch1/nimase/geobench/geobench-rev/results/unified/instances/tap__att-qwen14b.csv
[tap] ragroll/skin cleansing brush/2: best mean rank 1.50 after 5 levels
[tap] wrote 289 rows -> /scratch1/nimase/geobench/geobench-rev/results/unified/instances/tap__att-qwen14b.csv
[tap] ragroll/skin cleansing brush/3: best mean rank 1.00 after 2 levels
[tap] wrote 290 rows -> /scratch1/nimase/geobench/geobench-rev/results/unified/instances/tap__att-qwen14b.csv
[tap] ragroll/skin cleansing brush/4: best mean rank 6.00 after 5 levels
[tap] wrote 291 rows -> /scratch1/nimase/geobench/geobench-rev/results/unified/instances/tap__att-qwen14b.csv
[tap] ragroll/skin cleansing brush/5: best mean rank 1.50 after 5 levels
[tap] wrote 292 rows -> /scratch1/nimase/geobench/geobench-rev/results/unified/instances/tap__att-qwen14b.csv
[tap] ragroll/skin cleansing brush/6: best mean rank 1.50 after 5 levels
[tap] wrote 293 rows -> /scratch1/nimase/geobench/geobench-rev/results/unified/instances/tap__att-qwen14b.csv
[tap] ragroll/skin cleansing brush/7: best mean rank 1.00 after 3 levels
[tap] wrote 294 rows -> /scratch1/nimase/geobench/geobench-rev/results/unified/instances/tap__att-qwen14b.csv
[tap] ragroll/skin cleansing brush/8: best mean rank 1.00 after 0 levels
[tap] wrote 295 rows -> /scratch1/nimase/geobench/geobench-rev/results/unified/instances/tap__att-qwen14b.csv
[tap] ragroll/sleeping bag/1: best mean rank 1.00 after 0 levels
[tap] wrote 296 rows -> /scratch1/nimase/geobench/geobench-rev/results/unified/instances/tap__att-qwen14b.csv
[tap] ragroll/sleeping bag/2: best mean rank 3.50 after 5 levels
[tap] wrote 297 rows -> /scratch1/nimase/geobench/geobench-rev/results/unified/instances/tap__att-qwen14b.csv
[tap] ragroll/sleeping bag/3: best mean rank 1.00 after 0 levels
[tap] wrote 298 rows -> /scratch1/nimase/geobench/geobench-rev/results/unified/instances/tap__att-qwen14b.csv
[tap] ragroll/sleeping bag/4: best mean rank 1.00 after 1 levels
[tap] wrote 299 rows -> /scratch1/nimase/geobench/geobench-rev/results/unified/instances/tap__att-qwen14b.csv
[tap] ragroll/sleeping bag/5: best mean rank 1.00 after 0 levels
[tap] wrote 300 rows -> /scratch1/nimase/geobench/geobench-rev/results/unified/instances/tap__att-qwen14b.csv
[tap] ragroll/sleeping bag/6: best mean rank 1.00 after 0 levels
[tap] wrote 301 rows -> /scratch1/nimase/geobench/geobench-rev/results/unified/instances/tap__att-qwen14b.csv
[tap] ragroll/sleeping bag/7: best mean rank 1.00 after 0 levels
[tap] wrote 302 rows -> /scratch1/nimase/geobench/geobench-rev/results/unified/instances/tap__att-qwen14b.csv
[tap] ragroll/sleeping bag/8: best mean rank 1.00 after 0 levels
[tap] wrote 303 rows -> /scratch1/nimase/geobench/geobench-rev/results/unified/instances/tap__att-qwen14b.csv
[tap] ragroll/slow cooker/1: best mean rank 5.00 after 5 levels
[tap] wrote 304 rows -> /scratch1/nimase/geobench/geobench-rev/results/unified/instances/tap__att-qwen14b.csv
[tap] ragroll/slow cooker/2: best mean rank 2.00 after 5 levels
[tap] wrote 305 rows -> /scratch1/nimase/geobench/geobench-rev/results/unified/instances/tap__att-qwen14b.csv
[tap] ragroll/slow cooker/3: best mean rank 1.00 after 0 levels
[tap] wrote 306 rows -> /scratch1/nimase/geobench/geobench-rev/results/unified/instances/tap__att-qwen14b.csv
[tap] ragroll/slow cooker/4: best mean rank 1.00 after 2 levels
[tap] wrote 307 rows -> /scratch1/nimase/geobench/geobench-rev/results/unified/instances/tap__att-qwen14b.csv
[tap] ragroll/slow cooker/5: best mean rank 2.50 after 5 levels
[tap] wrote 308 rows -> /scratch1/nimase/geobench/geobench-rev/results/unified/instances/tap__att-qwen14b.csv
[tap] ragroll/slow cooker/6: best mean rank 5.50 after 5 levels
[tap] wrote 309 rows -> /scratch1/nimase/geobench/geobench-rev/results/unified/instances/tap__att-qwen14b.csv
[tap] ragroll/slow cooker/7: best mean rank 1.50 after 5 levels
[tap] wrote 310 rows -> /scratch1/nimase/geobench/geobench-rev/results/unified/instances/tap__att-qwen14b.csv
[tap] ragroll/slow cooker/8: best mean rank 6.00 after 5 levels
[tap] wrote 311 rows -> /scratch1/nimase/geobench/geobench-rev/results/unified/instances/tap__att-qwen14b.csv
[tap] ragroll/smartphone/1: best mean rank 3.50 after 5 levels
[tap] wrote 312 rows -> /scratch1/nimase/geobench/geobench-rev/results/unified/instances/tap__att-qwen14b.csv
[tap] ragroll/smartphone/2: best mean rank 7.00 after 5 levels
[tap] wrote 313 rows -> /scratch1/nimase/geobench/geobench-rev/results/unified/instances/tap__att-qwen14b.csv
[tap] ragroll/smartphone/3: best mean rank 3.00 after 5 levels
[tap] wrote 314 rows -> /scratch1/nimase/geobench/geobench-rev/results/unified/instances/tap__att-qwen14b.csv
[tap] ragroll/smartphone/4: best mean rank 1.00 after 0 levels
[tap] wrote 315 rows -> /scratch1/nimase/geobench/geobench-rev/results/unified/instances/tap__att-qwen14b.csv
[tap] ragroll/smartphone/5: best mean rank 1.00 after 0 levels
[tap] wrote 316 rows -> /scratch1/nimase/geobench/geobench-rev/results/unified/instances/tap__att-qwen14b.csv
[tap] ragroll/smartphone/6: best mean rank 1.00 after 0 levels
[tap] wrote 317 rows -> /scratch1/nimase/geobench/geobench-rev/results/unified/instances/tap__att-qwen14b.csv
[tap] ragroll/smartphone/7: best mean rank 1.00 after 0 levels
[tap] wrote 318 rows -> /scratch1/nimase/geobench/geobench-rev/results/unified/instances/tap__att-qwen14b.csv
[tap] ragroll/smartphone/8: best mean rank 3.00 after 5 levels
[tap] wrote 319 rows -> /scratch1/nimase/geobench/geobench-rev/results/unified/instances/tap__att-qwen14b.csv
[tap] ragroll/solid state drive/1: best mean rank 3.50 after 5 levels
[tap] wrote 320 rows -> /scratch1/nimase/geobench/geobench-rev/results/unified/instances/tap__att-qwen14b.csv
[tap] ragroll/solid state drive/2: best mean rank 3.00 after 5 levels
[tap] wrote 321 rows -> /scratch1/nimase/geobench/geobench-rev/results/unified/instances/tap__att-qwen14b.csv
[tap] ragroll/solid state drive/3: best mean rank 2.50 after 5 levels
[tap] wrote 322 rows -> /scratch1/nimase/geobench/geobench-rev/results/unified/instances/tap__att-qwen14b.csv
[tap] ragroll/solid state drive/4: best mean rank 3.00 after 5 levels
[tap] wrote 323 rows -> /scratch1/nimase/geobench/geobench-rev/results/unified/instances/tap__att-qwen14b.csv
[tap] ragroll/solid state drive/5: best mean rank 1.00 after 0 levels
[tap] wrote 324 rows -> /scratch1/nimase/geobench/geobench-rev/results/unified/instances/tap__att-qwen14b.csv
[tap] ragroll/solid state drive/6: best mean rank 3.00 after 5 levels
[tap] wrote 325 rows -> /scratch1/nimase/geobench/geobench-rev/results/unified/instances/tap__att-qwen14b.csv
[tap] ragroll/solid state drive/7: best mean rank 1.00 after 0 levels
[tap] wrote 326 rows -> /scratch1/nimase/geobench/geobench-rev/results/unified/instances/tap__att-qwen14b.csv
[tap] ragroll/solid state drive/8: best mean rank 3.00 after 5 levels
[tap] wrote 327 rows -> /scratch1/nimase/geobench/geobench-rev/results/unified/instances/tap__att-qwen14b.csv
[tap] ragroll/space heater/1: best mean rank 1.00 after 2 levels
[tap] wrote 328 rows -> /scratch1/nimase/geobench/geobench-rev/results/unified/instances/tap__att-qwen14b.csv
[tap] ragroll/space heater/2: best mean rank 1.00 after 1 levels
[tap] wrote 329 rows -> /scratch1/nimase/geobench/geobench-rev/results/unified/instances/tap__att-qwen14b.csv
[tap] ragroll/space heater/3: best mean rank 3.50 after 5 levels
[tap] wrote 330 rows -> /scratch1/nimase/geobench/geobench-rev/results/unified/instances/tap__att-qwen14b.csv
[tap] ragroll/space heater/4: best mean rank 1.00 after 3 levels
[tap] wrote 331 rows -> /scratch1/nimase/geobench/geobench-rev/results/unified/instances/tap__att-qwen14b.csv
[tap] ragroll/space heater/5: best mean rank 1.00 after 5 levels
[tap] wrote 332 rows -> /scratch1/nimase/geobench/geobench-rev/results/unified/instances/tap__att-qwen14b.csv
[tap] ragroll/space heater/6: best mean rank 1.50 after 5 levels
[tap] wrote 333 rows -> /scratch1/nimase/geobench/geobench-rev/results/unified/instances/tap__att-qwen14b.csv
[tap] ragroll/space heater/7: best mean rank 2.50 after 5 levels
[tap] wrote 334 rows -> /scratch1/nimase/geobench/geobench-rev/results/unified/instances/tap__att-qwen14b.csv
[tap] ragroll/space heater/8: best mean rank 1.00 after 0 levels
[tap] wrote 335 rows -> /scratch1/nimase/geobench/geobench-rev/results/unified/instances/tap__att-qwen14b.csv
[tap] ragroll/string trimmer/1: best mean rank 1.00 after 1 levels
[tap] wrote 336 rows -> /scratch1/nimase/geobench/geobench-rev/results/unified/instances/tap__att-qwen14b.csv
[tap] ragroll/string trimmer/2: best mean rank 1.00 after 2 levels
[tap] wrote 337 rows -> /scratch1/nimase/geobench/geobench-rev/results/unified/instances/tap__att-qwen14b.csv
[tap] ragroll/string trimmer/3: best mean rank 1.00 after 0 levels
[tap] wrote 338 rows -> /scratch1/nimase/geobench/geobench-rev/results/unified/instances/tap__att-qwen14b.csv
[tap] ragroll/string trimmer/4: best mean rank 1.00 after 5 levels
[tap] wrote 339 rows -> /scratch1/nimase/geobench/geobench-rev/results/unified/instances/tap__att-qwen14b.csv
[tap] ragroll/string trimmer/5: best mean rank 1.00 after 0 levels
[tap] wrote 340 rows -> /scratch1/nimase/geobench/geobench-rev/results/unified/instances/tap__att-qwen14b.csv
[tap] ragroll/string trimmer/6: best mean rank 1.00 after 1 levels
[tap] wrote 341 rows -> /scratch1/nimase/geobench/geobench-rev/results/unified/instances/tap__att-qwen14b.csv
[tap] ragroll/string trimmer/7: best mean rank 6.50 after 5 levels
[tap] wrote 342 rows -> /scratch1/nimase/geobench/geobench-rev/results/unified/instances/tap__att-qwen14b.csv
[tap] ragroll/string trimmer/8: best mean rank 1.00 after 1 levels
[tap] wrote 343 rows -> /scratch1/nimase/geobench/geobench-rev/results/unified/instances/tap__att-qwen14b.csv
[tap] ragroll/tablet/1: best mean rank 6.50 after 5 levels
[tap] wrote 344 rows -> /scratch1/nimase/geobench/geobench-rev/results/unified/instances/tap__att-qwen14b.csv
[tap] ragroll/tablet/2: best mean rank 6.50 after 5 levels
[tap] wrote 345 rows -> /scratch1/nimase/geobench/geobench-rev/results/unified/instances/tap__att-qwen14b.csv
[tap] ragroll/tablet/3: best mean rank 1.00 after 1 levels
[tap] wrote 346 rows -> /scratch1/nimase/geobench/geobench-rev/results/unified/instances/tap__att-qwen14b.csv
[tap] ragroll/tablet/4: best mean rank 5.00 after 5 levels
[tap] wrote 347 rows -> /scratch1/nimase/geobench/geobench-rev/results/unified/instances/tap__att-qwen14b.csv
[tap] ragroll/tablet/5: best mean rank 1.00 after 0 levels
[tap] wrote 348 rows -> /scratch1/nimase/geobench/geobench-rev/results/unified/instances/tap__att-qwen14b.csv
[tap] ragroll/tablet/6: best mean rank 1.00 after 0 levels
[tap] wrote 349 rows -> /scratch1/nimase/geobench/geobench-rev/results/unified/instances/tap__att-qwen14b.csv
[tap] ragroll/tablet/7: best mean rank 4.00 after 5 levels
[tap] wrote 350 rows -> /scratch1/nimase/geobench/geobench-rev/results/unified/instances/tap__att-qwen14b.csv
[tap] ragroll/tablet/8: best mean rank 1.00 after 0 levels
[tap] wrote 351 rows -> /scratch1/nimase/geobench/geobench-rev/results/unified/instances/tap__att-qwen14b.csv
[tap] ragroll/tent/1: best mean rank 1.00 after 2 levels
[tap] wrote 352 rows -> /scratch1/nimase/geobench/geobench-rev/results/unified/instances/tap__att-qwen14b.csv
[tap] ragroll/tent/2: best mean rank 3.00 after 5 levels
[tap] wrote 353 rows -> /scratch1/nimase/geobench/geobench-rev/results/unified/instances/tap__att-qwen14b.csv
[tap] ragroll/tent/3: best mean rank 1.00 after 0 levels
[tap] wrote 354 rows -> /scratch1/nimase/geobench/geobench-rev/results/unified/instances/tap__att-qwen14b.csv
[tap] ragroll/tent/4: best mean rank 1.00 after 0 levels
[tap] wrote 355 rows -> /scratch1/nimase/geobench/geobench-rev/results/unified/instances/tap__att-qwen14b.csv
[tap] ragroll/tent/5: best mean rank 1.00 after 0 levels
[tap] wrote 356 rows -> /scratch1/nimase/geobench/geobench-rev/results/unified/instances/tap__att-qwen14b.csv
[tap] ragroll/tent/6: best mean rank 1.00 after 1 levels
[tap] wrote 357 rows -> /scratch1/nimase/geobench/geobench-rev/results/unified/instances/tap__att-qwen14b.csv
[tap] ragroll/tent/7: best mean rank 3.50 after 5 levels
[tap] wrote 358 rows -> /scratch1/nimase/geobench/geobench-rev/results/unified/instances/tap__att-qwen14b.csv
[tap] ragroll/tent/8: best mean rank 1.00 after 0 levels
[tap] wrote 359 rows -> /scratch1/nimase/geobench/geobench-rev/results/unified/instances/tap__att-qwen14b.csv
[tap] ragroll/tool chest/1: best mean rank 2.00 after 5 levels
[tap] wrote 360 rows -> /scratch1/nimase/geobench/geobench-rev/results/unified/instances/tap__att-qwen14b.csv
[tap] ragroll/tool chest/2: best mean rank 2.00 after 5 levels
[tap] wrote 361 rows -> /scratch1/nimase/geobench/geobench-rev/results/unified/instances/tap__att-qwen14b.csv
[tap] ragroll/tool chest/3: best mean rank 1.50 after 5 levels
[tap] wrote 362 rows -> /scratch1/nimase/geobench/geobench-rev/results/unified/instances/tap__att-qwen14b.csv
[tap] ragroll/tool chest/4: best mean rank 4.50 after 5 levels
[tap] wrote 363 rows -> /scratch1/nimase/geobench/geobench-rev/results/unified/instances/tap__att-qwen14b.csv
